../Core/Src/main.c:93:6:lcd_send_cmd	32	static
../Core/Src/main.c:106:6:lcd_send_data	32	static
../Core/Src/main.c:119:6:lcd_clear	8	static
../Core/Src/main.c:126:6:lcd_put_cur	16	static
../Core/Src/main.c:141:6:lcd_init	8	static
../Core/Src/main.c:167:6:lcd_send_string	16	static
../Core/Src/main.c:178:5:main	8	static
../Core/Src/main.c:264:6:SystemClock_Config	88	static
../Core/Src/main.c:306:13:MX_ADC1_Init	24	static
../Core/Src/main.c:358:13:MX_I2C1_Init	8	static
../Core/Src/main.c:392:13:MX_TIM2_Init	48	static
../Core/Src/main.c:450:13:MX_USART2_UART_Init	8	static
../Core/Src/main.c:483:13:MX_GPIO_Init	40	static
../Core/Src/main.c:511:6:usDelay	16	static
../Core/Src/main.c:521:6:HAL_ADC_ConvCpltCallback	16	static
../Core/Src/main.c:527:6:HAL_TIM_IC_CaptureCallback	16	static
../Core/Src/main.c:557:6:StartDefaultTask	16	static
../Core/Src/main.c:574:6:Error_Handler	4	static,ignoring_inline_asm
